// Jest Snapshot v1, https://goo.gl/fbAQLP

exports[`<Book Component> should render correctly 1`] = `
<div
  className="col s6 m4 l3"
>
  <div
    className="card"
  >
    <div
      className="card-image"
    >
      <img
        className="responsive-img"
        src="https://images-na.3,200_.jpg"
      />
      <a
        className="btn-floating halfway-fab waves-effect waves-light small red"
        href="/books/undefined"
      >
        <i
          className="material-icons hoverable"
        >
          chevron_right
        </i>
      </a>
    </div>
    <div
      className="card-content"
    >
      <span
        className="card-title truncate grey-text text-darken-4"
      >
        Magnolia Table: A Collection of Recipes for Gathering
      </span>
      <p
        className="truncate"
      >
        Author|
        <span
          className="red-text text-darken-4 bold"
        >
          Joanna Gaines
        </span>
      </p>
      <p
        className="truncate"
      >
         Genre|
        <span
          className="red-text text-darken-4 bold"
        >
          Recipe
        </span>
      </p>
      <p>
         Quantity|
        <span
          className="red-text text-darken-4 bold"
        >
          6
        </span>
      </p>
      <div
        className="divider hide-on-med-and-down"
      />
      <div
        className="row hide-on-med-and-down"
      >
        <div
          className="col s3 btn btn-small btn-flat white grey-text text-darken-2 book-icon"
        >
          <i
            className="material-icons prefix"
          >
            thumb_up
          </i>
          <span>
            1
          </span>
        </div>
        <div
          className="col s3 btn btn-small btn-flat white grey-text text-darken-2 book-icon"
        >
          <i
            className="material-icons prefix"
          >
            favorite_border
          </i>
          <span>
            2
          </span>
        </div>
        <div
          className="col s3 btn btn-samll btn-flat white grey-text text-darken-2 book-icon"
        >
          <i
            className="material-icons prefix"
          >
            comment
          </i>
          <span>
            1
          </span>
        </div>
      </div>
    </div>
  </div>
</div>
`;

exports[`<Book> should render correctly 1`] = `
<div
  className="col s6 m4 l3"
>
  <div
    className="card"
  >
    <div
      className="card-image"
    >
      <img
        className="responsive-img"
        src="https://images-na.3,200_.jpg"
      />
      <a
        className="btn-floating halfway-fab waves-effect waves-light small red"
        href="/books/undefined"
      >
        <i
          className="material-icons hoverable"
        >
          chevron_right
        </i>
      </a>
    </div>
    <div
      className="card-content"
    >
      <span
        className="card-title truncate grey-text text-darken-4"
      >
        Magnolia Table: A Collection of Recipes for Gathering
      </span>
      <p
        className="truncate"
      >
        Author|
        <span
          className="red-text text-darken-4 bold"
        >
          Joanna Gaines
        </span>
      </p>
      <p
        className="truncate"
      >
         Genre|
        <span
          className="red-text text-darken-4 bold"
        >
          Recipe
        </span>
      </p>
      <p>
         Quantity|
        <span
          className="red-text text-darken-4 bold"
        >
          6
        </span>
      </p>
      <div
        className="divider hide-on-med-and-down"
      />
      <div
        className="row hide-on-med-and-down"
      >
        <div
          className="col s3 btn btn-small btn-flat white grey-text text-darken-2 book-icon"
        >
          <i
            className="material-icons prefix"
          >
            thumb_up
          </i>
          <span>
            1
          </span>
        </div>
        <div
          className="col s3 btn btn-small btn-flat white grey-text text-darken-2 book-icon"
        >
          <i
            className="material-icons prefix"
          >
            favorite_border
          </i>
          <span>
            2
          </span>
        </div>
        <div
          className="col s3 btn btn-samll btn-flat white grey-text text-darken-2 book-icon"
        >
          <i
            className="material-icons prefix"
          >
            comment
          </i>
          <span>
            1
          </span>
        </div>
      </div>
    </div>
  </div>
</div>
`;
