// Jest Snapshot v1, https://goo.gl/fbAQLP

exports[`</AdminBorrowRequests /> should render correctly 1`] = `
ShallowWrapper {
  "length": 1,
  Symbol(enzyme.__root__): [Circular],
  Symbol(enzyme.__unrendered__): <AdminBorrowRequests
    acceptBorrowRequest={[Function]}
    borrowRequests={
      Array [
        Object {
          "bookId": 98,
          "borrowRequests": Object {
            "author": "Michelle McNamara",
            "borrowCount": 4,
            "createdAt": "2018-05-10T03:11:52.181Z",
            "description": "A masterful true crime",
            "downvotes": 2,
            "favCount": 2,
            "id": 98,
            "imageURL": "https://images.jpg",
            "quantity": 4,
            "subject": "True Crime",
            "title": "I\\"ll Be Gone in the Dark",
            "updatedAt": "2018-06-27T12:18:46.422Z",
            "upvotes": 0,
          },
          "comments": null,
          "createdAt": "2018-06-25T02:15:45.082Z",
          "id": 12,
          "reason": "Assignment",
          "returnDate": "2018-12-11T23:00:00.000Z",
          "status": "Pending",
          "updatedAt": "2018-06-25T02:17:03.472Z",
          "userBorrowRequests": Object {
            "createdAt": "2018-06-25T02:14:05.369Z",
            "email": "amarachukwu.agbo@andela.com",
            "firstName": "Amarachi",
            "id": 8,
            "imageURL": null,
            "lastName": "Agbo",
            "role": "User",
            "updatedAt": "2018-06-25T02:14:05.369Z",
          },
          "userId": 8,
        },
        Object {
          "bookId": 95,
          "borrowRequests": Object {
            "author": "Trevor Noah",
            "borrowCount": 2,
            "createdAt": "2018-05-10T03:11:52.181Z",
            "description": "Attuned to the power",
            "downvotes": 0,
            "favCount": 0,
            "id": 95,
            "imageURL": "https://image._AA300_.jpg",
            "quantity": 18,
            "subject": "Biography",
            "title": "Born a Crime",
            "updatedAt": "2018-06-25T02:09:59.423Z",
            "upvotes": 0,
          },
          "comments": "Nil",
          "createdAt": "2018-06-25T02:09:01.743Z",
          "id": 11,
          "reason": "Research",
          "returnDate": "2018-12-07T23:00:00.000Z",
          "status": "Accepted",
          "updatedAt": "2018-06-25T02:09:59.410Z",
          "userBorrowRequests": Object {
            "createdAt": "2018-06-25T02:08:20.419Z",
            "email": "amaracukwu.agbo@andela.com",
            "firstName": "Amarachi",
            "id": 7,
            "imageURL": null,
            "lastName": "Agbo",
            "role": "User",
            "updatedAt": "2018-06-25T02:08:20.419Z",
          },
          "userId": 7,
        },
      ]
    }
    declineBorrowRequest={[Function]}
    isHandlingBorrowRequest={false}
  />,
  Symbol(enzyme.__renderer__): Object {
    "batchedUpdates": [Function],
    "getNode": [Function],
    "render": [Function],
    "simulateEvent": [Function],
    "unmount": [Function],
  },
  Symbol(enzyme.__node__): Object {
    "instance": null,
    "key": undefined,
    "nodeType": "host",
    "props": Object {
      "children": <table
        className="striped responsive-table"
      >
        <thead>
          <tr>
            <th>
              User
            </th>
            <th>
              Book Title
            </th>
            <th>
              Reason
            </th>
            <th>
              Return Date
            </th>
            <th>
              Comments
            </th>
            <th>
              Request Date
            </th>
            <th>
              Status
            </th>
            <th
              colSpan="2"
            >
              Action
            </th>
          </tr>
        </thead>
        <tbody>
          <tr>
            <td>
               
              Amarachi 
                Agbo
               
            </td>
            <td>
               
              I"ll Be Gone in the Dark
               
            </td>
            <td>
               
              Assignment
               
            </td>
            <td>
               
              2018-12-11
               
            </td>
            <td>
               
              Nil
               
            </td>
            <td>
               
              2018-06-25
               
            </td>
            <td>
              <span
                className="orange-text"
              >
                ● 
              </span>
              Pending
            </td>
            <td>
               
              <button
                className="btn btn-wave waves-effect btn-small primary-button"
                disabled={false}
                id="accept-button12"
                onClick={[Function]}
              >
                Accept
              </button>
            </td>
            <td>
               
              <button
                className="btn btn-wave action-button waves-effect btn-small"
                disabled={false}
                id="decline-button12"
                onClick={[Function]}
              >
                Decline
              </button>
            </td>
          </tr>
          <tr>
            <td>
               
              Amarachi 
                Agbo
               
            </td>
            <td>
               
              Born a Crime
               
            </td>
            <td>
               
              Research
               
            </td>
            <td>
               
              2018-12-07
               
            </td>
            <td>
               
              Nil
               
            </td>
            <td>
               
              2018-06-25
               
            </td>
            <td>
              <span
                className="green-text"
              >
                ● 
              </span>
              Accepted
            </td>
            <td>
               
              <button
                className="btn btn-wave waves-effect btn-small primary-button"
                disabled={true}
                id="accept-button11"
                onClick={[Function]}
              >
                Accept
              </button>
            </td>
            <td>
               
              <button
                className="btn btn-wave action-button waves-effect btn-small"
                disabled={true}
                id="decline-button11"
                onClick={[Function]}
              >
                Decline
              </button>
            </td>
          </tr>
        </tbody>
      </table>,
      "className": "row",
    },
    "ref": null,
    "rendered": Object {
      "instance": null,
      "key": undefined,
      "nodeType": "host",
      "props": Object {
        "children": Array [
          <thead>
            <tr>
              <th>
                User
              </th>
              <th>
                Book Title
              </th>
              <th>
                Reason
              </th>
              <th>
                Return Date
              </th>
              <th>
                Comments
              </th>
              <th>
                Request Date
              </th>
              <th>
                Status
              </th>
              <th
                colSpan="2"
              >
                Action
              </th>
            </tr>
          </thead>,
          <tbody>
            <tr>
              <td>
                 
                Amarachi 
                Agbo
                 
              </td>
              <td>
                 
                I"ll Be Gone in the Dark
                 
              </td>
              <td>
                 
                Assignment
                 
              </td>
              <td>
                 
                2018-12-11
                 
              </td>
              <td>
                 
                Nil
                 
              </td>
              <td>
                 
                2018-06-25
                 
              </td>
              <td>
                <span
                  className="orange-text"
                >
                  ● 
                </span>
                Pending
              </td>
              <td>
                 
                <button
                  className="btn btn-wave waves-effect btn-small primary-button"
                  disabled={false}
                  id="accept-button12"
                  onClick={[Function]}
                >
                  Accept
                </button>
              </td>
              <td>
                 
                <button
                  className="btn btn-wave action-button waves-effect btn-small"
                  disabled={false}
                  id="decline-button12"
                  onClick={[Function]}
                >
                  Decline
                </button>
              </td>
            </tr>
            <tr>
              <td>
                 
                Amarachi 
                Agbo
                 
              </td>
              <td>
                 
                Born a Crime
                 
              </td>
              <td>
                 
                Research
                 
              </td>
              <td>
                 
                2018-12-07
                 
              </td>
              <td>
                 
                Nil
                 
              </td>
              <td>
                 
                2018-06-25
                 
              </td>
              <td>
                <span
                  className="green-text"
                >
                  ● 
                </span>
                Accepted
              </td>
              <td>
                 
                <button
                  className="btn btn-wave waves-effect btn-small primary-button"
                  disabled={true}
                  id="accept-button11"
                  onClick={[Function]}
                >
                  Accept
                </button>
              </td>
              <td>
                 
                <button
                  className="btn btn-wave action-button waves-effect btn-small"
                  disabled={true}
                  id="decline-button11"
                  onClick={[Function]}
                >
                  Decline
                </button>
              </td>
            </tr>
          </tbody>,
        ],
        "className": "striped responsive-table",
      },
      "ref": null,
      "rendered": Array [
        Object {
          "instance": null,
          "key": undefined,
          "nodeType": "host",
          "props": Object {
            "children": <tr>
              <th>
                User
              </th>
              <th>
                Book Title
              </th>
              <th>
                Reason
              </th>
              <th>
                Return Date
              </th>
              <th>
                Comments
              </th>
              <th>
                Request Date
              </th>
              <th>
                Status
              </th>
              <th
                colSpan="2"
              >
                Action
              </th>
            </tr>,
          },
          "ref": null,
          "rendered": Object {
            "instance": null,
            "key": undefined,
            "nodeType": "host",
            "props": Object {
              "children": Array [
                <th>
                  User
                </th>,
                <th>
                  Book Title
                </th>,
                <th>
                  Reason
                </th>,
                <th>
                  Return Date
                </th>,
                <th>
                  Comments
                </th>,
                <th>
                  Request Date
                </th>,
                <th>
                  Status
                </th>,
                <th
                  colSpan="2"
                >
                  Action
                </th>,
              ],
            },
            "ref": null,
            "rendered": Array [
              Object {
                "instance": null,
                "key": undefined,
                "nodeType": "host",
                "props": Object {
                  "children": "User",
                },
                "ref": null,
                "rendered": "User",
                "type": "th",
              },
              Object {
                "instance": null,
                "key": undefined,
                "nodeType": "host",
                "props": Object {
                  "children": "Book Title",
                },
                "ref": null,
                "rendered": "Book Title",
                "type": "th",
              },
              Object {
                "instance": null,
                "key": undefined,
                "nodeType": "host",
                "props": Object {
                  "children": "Reason",
                },
                "ref": null,
                "rendered": "Reason",
                "type": "th",
              },
              Object {
                "instance": null,
                "key": undefined,
                "nodeType": "host",
                "props": Object {
                  "children": "Return Date",
                },
                "ref": null,
                "rendered": "Return Date",
                "type": "th",
              },
              Object {
                "instance": null,
                "key": undefined,
                "nodeType": "host",
                "props": Object {
                  "children": "Comments",
                },
                "ref": null,
                "rendered": "Comments",
                "type": "th",
              },
              Object {
                "instance": null,
                "key": undefined,
                "nodeType": "host",
                "props": Object {
                  "children": "Request Date",
                },
                "ref": null,
                "rendered": "Request Date",
                "type": "th",
              },
              Object {
                "instance": null,
                "key": undefined,
                "nodeType": "host",
                "props": Object {
                  "children": "Status",
                },
                "ref": null,
                "rendered": "Status",
                "type": "th",
              },
              Object {
                "instance": null,
                "key": undefined,
                "nodeType": "host",
                "props": Object {
                  "children": "Action",
                  "colSpan": "2",
                },
                "ref": null,
                "rendered": "Action",
                "type": "th",
              },
            ],
            "type": "tr",
          },
          "type": "thead",
        },
        Object {
          "instance": null,
          "key": undefined,
          "nodeType": "host",
          "props": Object {
            "children": Array [
              <tr>
                <td>
                   
                  Amarachi 
                Agbo
                   
                </td>
                <td>
                   
                  I"ll Be Gone in the Dark
                   
                </td>
                <td>
                   
                  Assignment
                   
                </td>
                <td>
                   
                  2018-12-11
                   
                </td>
                <td>
                   
                  Nil
                   
                </td>
                <td>
                   
                  2018-06-25
                   
                </td>
                <td>
                  <span
                    className="orange-text"
                  >
                    ● 
                  </span>
                  Pending
                </td>
                <td>
                   
                  <button
                    className="btn btn-wave waves-effect btn-small primary-button"
                    disabled={false}
                    id="accept-button12"
                    onClick={[Function]}
                  >
                    Accept
                  </button>
                </td>
                <td>
                   
                  <button
                    className="btn btn-wave action-button waves-effect btn-small"
                    disabled={false}
                    id="decline-button12"
                    onClick={[Function]}
                  >
                    Decline
                  </button>
                </td>
              </tr>,
              <tr>
                <td>
                   
                  Amarachi 
                Agbo
                   
                </td>
                <td>
                   
                  Born a Crime
                   
                </td>
                <td>
                   
                  Research
                   
                </td>
                <td>
                   
                  2018-12-07
                   
                </td>
                <td>
                   
                  Nil
                   
                </td>
                <td>
                   
                  2018-06-25
                   
                </td>
                <td>
                  <span
                    className="green-text"
                  >
                    ● 
                  </span>
                  Accepted
                </td>
                <td>
                   
                  <button
                    className="btn btn-wave waves-effect btn-small primary-button"
                    disabled={true}
                    id="accept-button11"
                    onClick={[Function]}
                  >
                    Accept
                  </button>
                </td>
                <td>
                   
                  <button
                    className="btn btn-wave action-button waves-effect btn-small"
                    disabled={true}
                    id="decline-button11"
                    onClick={[Function]}
                  >
                    Decline
                  </button>
                </td>
              </tr>,
            ],
          },
          "ref": null,
          "rendered": Array [
            Object {
              "instance": null,
              "key": "12",
              "nodeType": "host",
              "props": Object {
                "children": Array [
                  <td>
                     
                    Amarachi 
                Agbo
                     
                  </td>,
                  <td>
                     
                    I"ll Be Gone in the Dark
                     
                  </td>,
                  <td>
                     
                    Assignment
                     
                  </td>,
                  <td>
                     
                    2018-12-11
                     
                  </td>,
                  <td>
                     
                    Nil
                     
                  </td>,
                  <td>
                     
                    2018-06-25
                     
                  </td>,
                  <td>
                    <span
                      className="orange-text"
                    >
                      ● 
                    </span>
                    Pending
                  </td>,
                  <td>
                     
                    <button
                      className="btn btn-wave waves-effect btn-small primary-button"
                      disabled={false}
                      id="accept-button12"
                      onClick={[Function]}
                    >
                      Accept
                    </button>
                  </td>,
                  <td>
                     
                    <button
                      className="btn btn-wave action-button waves-effect btn-small"
                      disabled={false}
                      id="decline-button12"
                      onClick={[Function]}
                    >
                      Decline
                    </button>
                  </td>,
                ],
              },
              "ref": null,
              "rendered": Array [
                Object {
                  "instance": null,
                  "key": undefined,
                  "nodeType": "host",
                  "props": Object {
                    "children": Array [
                      " ",
                      "Amarachi 
                Agbo",
                      " ",
                    ],
                  },
                  "ref": null,
                  "rendered": Array [
                    " ",
                    "Amarachi 
                Agbo",
                    " ",
                  ],
                  "type": "td",
                },
                Object {
                  "instance": null,
                  "key": undefined,
                  "nodeType": "host",
                  "props": Object {
                    "children": Array [
                      " ",
                      "I\\"ll Be Gone in the Dark",
                      " ",
                    ],
                  },
                  "ref": null,
                  "rendered": Array [
                    " ",
                    "I\\"ll Be Gone in the Dark",
                    " ",
                  ],
                  "type": "td",
                },
                Object {
                  "instance": null,
                  "key": undefined,
                  "nodeType": "host",
                  "props": Object {
                    "children": Array [
                      " ",
                      "Assignment",
                      " ",
                    ],
                  },
                  "ref": null,
                  "rendered": Array [
                    " ",
                    "Assignment",
                    " ",
                  ],
                  "type": "td",
                },
                Object {
                  "instance": null,
                  "key": undefined,
                  "nodeType": "host",
                  "props": Object {
                    "children": Array [
                      " ",
                      "2018-12-11",
                      " ",
                    ],
                  },
                  "ref": null,
                  "rendered": Array [
                    " ",
                    "2018-12-11",
                    " ",
                  ],
                  "type": "td",
                },
                Object {
                  "instance": null,
                  "key": undefined,
                  "nodeType": "host",
                  "props": Object {
                    "children": Array [
                      " ",
                      "Nil",
                      " ",
                    ],
                  },
                  "ref": null,
                  "rendered": Array [
                    " ",
                    "Nil",
                    " ",
                  ],
                  "type": "td",
                },
                Object {
                  "instance": null,
                  "key": undefined,
                  "nodeType": "host",
                  "props": Object {
                    "children": Array [
                      " ",
                      "2018-06-25",
                      " ",
                    ],
                  },
                  "ref": null,
                  "rendered": Array [
                    " ",
                    "2018-06-25",
                    " ",
                  ],
                  "type": "td",
                },
                Object {
                  "instance": null,
                  "key": undefined,
                  "nodeType": "host",
                  "props": Object {
                    "children": Array [
                      <span
                        className="orange-text"
                      >
                        ● 
                      </span>,
                      "Pending",
                    ],
                  },
                  "ref": null,
                  "rendered": Array [
                    Object {
                      "instance": null,
                      "key": undefined,
                      "nodeType": "host",
                      "props": Object {
                        "children": "● ",
                        "className": "orange-text",
                      },
                      "ref": null,
                      "rendered": "● ",
                      "type": "span",
                    },
                    "Pending",
                  ],
                  "type": "td",
                },
                Object {
                  "instance": null,
                  "key": undefined,
                  "nodeType": "host",
                  "props": Object {
                    "children": Array [
                      " ",
                      <button
                        className="btn btn-wave waves-effect btn-small primary-button"
                        disabled={false}
                        id="accept-button12"
                        onClick={[Function]}
                      >
                        Accept
                      </button>,
                    ],
                  },
                  "ref": null,
                  "rendered": Array [
                    " ",
                    Object {
                      "instance": null,
                      "key": undefined,
                      "nodeType": "host",
                      "props": Object {
                        "children": "Accept",
                        "className": "btn btn-wave waves-effect btn-small primary-button",
                        "disabled": false,
                        "id": "accept-button12",
                        "onClick": [Function],
                      },
                      "ref": null,
                      "rendered": "Accept",
                      "type": "button",
                    },
                  ],
                  "type": "td",
                },
                Object {
                  "instance": null,
                  "key": undefined,
                  "nodeType": "host",
                  "props": Object {
                    "children": Array [
                      " ",
                      <button
                        className="btn btn-wave action-button waves-effect btn-small"
                        disabled={false}
                        id="decline-button12"
                        onClick={[Function]}
                      >
                        Decline
                      </button>,
                    ],
                  },
                  "ref": null,
                  "rendered": Array [
                    " ",
                    Object {
                      "instance": null,
                      "key": undefined,
                      "nodeType": "host",
                      "props": Object {
                        "children": "Decline",
                        "className": "btn btn-wave action-button waves-effect btn-small",
                        "disabled": false,
                        "id": "decline-button12",
                        "onClick": [Function],
                      },
                      "ref": null,
                      "rendered": "Decline",
                      "type": "button",
                    },
                  ],
                  "type": "td",
                },
              ],
              "type": "tr",
            },
            Object {
              "instance": null,
              "key": "11",
              "nodeType": "host",
              "props": Object {
                "children": Array [
                  <td>
                     
                    Amarachi 
                Agbo
                     
                  </td>,
                  <td>
                     
                    Born a Crime
                     
                  </td>,
                  <td>
                     
                    Research
                     
                  </td>,
                  <td>
                     
                    2018-12-07
                     
                  </td>,
                  <td>
                     
                    Nil
                     
                  </td>,
                  <td>
                     
                    2018-06-25
                     
                  </td>,
                  <td>
                    <span
                      className="green-text"
                    >
                      ● 
                    </span>
                    Accepted
                  </td>,
                  <td>
                     
                    <button
                      className="btn btn-wave waves-effect btn-small primary-button"
                      disabled={true}
                      id="accept-button11"
                      onClick={[Function]}
                    >
                      Accept
                    </button>
                  </td>,
                  <td>
                     
                    <button
                      className="btn btn-wave action-button waves-effect btn-small"
                      disabled={true}
                      id="decline-button11"
                      onClick={[Function]}
                    >
                      Decline
                    </button>
                  </td>,
                ],
              },
              "ref": null,
              "rendered": Array [
                Object {
                  "instance": null,
                  "key": undefined,
                  "nodeType": "host",
                  "props": Object {
                    "children": Array [
                      " ",
                      "Amarachi 
                Agbo",
                      " ",
                    ],
                  },
                  "ref": null,
                  "rendered": Array [
                    " ",
                    "Amarachi 
                Agbo",
                    " ",
                  ],
                  "type": "td",
                },
                Object {
                  "instance": null,
                  "key": undefined,
                  "nodeType": "host",
                  "props": Object {
                    "children": Array [
                      " ",
                      "Born a Crime",
                      " ",
                    ],
                  },
                  "ref": null,
                  "rendered": Array [
                    " ",
                    "Born a Crime",
                    " ",
                  ],
                  "type": "td",
                },
                Object {
                  "instance": null,
                  "key": undefined,
                  "nodeType": "host",
                  "props": Object {
                    "children": Array [
                      " ",
                      "Research",
                      " ",
                    ],
                  },
                  "ref": null,
                  "rendered": Array [
                    " ",
                    "Research",
                    " ",
                  ],
                  "type": "td",
                },
                Object {
                  "instance": null,
                  "key": undefined,
                  "nodeType": "host",
                  "props": Object {
                    "children": Array [
                      " ",
                      "2018-12-07",
                      " ",
                    ],
                  },
                  "ref": null,
                  "rendered": Array [
                    " ",
                    "2018-12-07",
                    " ",
                  ],
                  "type": "td",
                },
                Object {
                  "instance": null,
                  "key": undefined,
                  "nodeType": "host",
                  "props": Object {
                    "children": Array [
                      " ",
                      "Nil",
                      " ",
                    ],
                  },
                  "ref": null,
                  "rendered": Array [
                    " ",
                    "Nil",
                    " ",
                  ],
                  "type": "td",
                },
                Object {
                  "instance": null,
                  "key": undefined,
                  "nodeType": "host",
                  "props": Object {
                    "children": Array [
                      " ",
                      "2018-06-25",
                      " ",
                    ],
                  },
                  "ref": null,
                  "rendered": Array [
                    " ",
                    "2018-06-25",
                    " ",
                  ],
                  "type": "td",
                },
                Object {
                  "instance": null,
                  "key": undefined,
                  "nodeType": "host",
                  "props": Object {
                    "children": Array [
                      <span
                        className="green-text"
                      >
                        ● 
                      </span>,
                      "Accepted",
                    ],
                  },
                  "ref": null,
                  "rendered": Array [
                    Object {
                      "instance": null,
                      "key": undefined,
                      "nodeType": "host",
                      "props": Object {
                        "children": "● ",
                        "className": "green-text",
                      },
                      "ref": null,
                      "rendered": "● ",
                      "type": "span",
                    },
                    "Accepted",
                  ],
                  "type": "td",
                },
                Object {
                  "instance": null,
                  "key": undefined,
                  "nodeType": "host",
                  "props": Object {
                    "children": Array [
                      " ",
                      <button
                        className="btn btn-wave waves-effect btn-small primary-button"
                        disabled={true}
                        id="accept-button11"
                        onClick={[Function]}
                      >
                        Accept
                      </button>,
                    ],
                  },
                  "ref": null,
                  "rendered": Array [
                    " ",
                    Object {
                      "instance": null,
                      "key": undefined,
                      "nodeType": "host",
                      "props": Object {
                        "children": "Accept",
                        "className": "btn btn-wave waves-effect btn-small primary-button",
                        "disabled": true,
                        "id": "accept-button11",
                        "onClick": [Function],
                      },
                      "ref": null,
                      "rendered": "Accept",
                      "type": "button",
                    },
                  ],
                  "type": "td",
                },
                Object {
                  "instance": null,
                  "key": undefined,
                  "nodeType": "host",
                  "props": Object {
                    "children": Array [
                      " ",
                      <button
                        className="btn btn-wave action-button waves-effect btn-small"
                        disabled={true}
                        id="decline-button11"
                        onClick={[Function]}
                      >
                        Decline
                      </button>,
                    ],
                  },
                  "ref": null,
                  "rendered": Array [
                    " ",
                    Object {
                      "instance": null,
                      "key": undefined,
                      "nodeType": "host",
                      "props": Object {
                        "children": "Decline",
                        "className": "btn btn-wave action-button waves-effect btn-small",
                        "disabled": true,
                        "id": "decline-button11",
                        "onClick": [Function],
                      },
                      "ref": null,
                      "rendered": "Decline",
                      "type": "button",
                    },
                  ],
                  "type": "td",
                },
              ],
              "type": "tr",
            },
          ],
          "type": "tbody",
        },
      ],
      "type": "table",
    },
    "type": "div",
  },
  Symbol(enzyme.__nodes__): Array [
    Object {
      "instance": null,
      "key": undefined,
      "nodeType": "host",
      "props": Object {
        "children": <table
          className="striped responsive-table"
        >
          <thead>
            <tr>
              <th>
                User
              </th>
              <th>
                Book Title
              </th>
              <th>
                Reason
              </th>
              <th>
                Return Date
              </th>
              <th>
                Comments
              </th>
              <th>
                Request Date
              </th>
              <th>
                Status
              </th>
              <th
                colSpan="2"
              >
                Action
              </th>
            </tr>
          </thead>
          <tbody>
            <tr>
              <td>
                 
                Amarachi 
                Agbo
                 
              </td>
              <td>
                 
                I"ll Be Gone in the Dark
                 
              </td>
              <td>
                 
                Assignment
                 
              </td>
              <td>
                 
                2018-12-11
                 
              </td>
              <td>
                 
                Nil
                 
              </td>
              <td>
                 
                2018-06-25
                 
              </td>
              <td>
                <span
                  className="orange-text"
                >
                  ● 
                </span>
                Pending
              </td>
              <td>
                 
                <button
                  className="btn btn-wave waves-effect btn-small primary-button"
                  disabled={false}
                  id="accept-button12"
                  onClick={[Function]}
                >
                  Accept
                </button>
              </td>
              <td>
                 
                <button
                  className="btn btn-wave action-button waves-effect btn-small"
                  disabled={false}
                  id="decline-button12"
                  onClick={[Function]}
                >
                  Decline
                </button>
              </td>
            </tr>
            <tr>
              <td>
                 
                Amarachi 
                Agbo
                 
              </td>
              <td>
                 
                Born a Crime
                 
              </td>
              <td>
                 
                Research
                 
              </td>
              <td>
                 
                2018-12-07
                 
              </td>
              <td>
                 
                Nil
                 
              </td>
              <td>
                 
                2018-06-25
                 
              </td>
              <td>
                <span
                  className="green-text"
                >
                  ● 
                </span>
                Accepted
              </td>
              <td>
                 
                <button
                  className="btn btn-wave waves-effect btn-small primary-button"
                  disabled={true}
                  id="accept-button11"
                  onClick={[Function]}
                >
                  Accept
                </button>
              </td>
              <td>
                 
                <button
                  className="btn btn-wave action-button waves-effect btn-small"
                  disabled={true}
                  id="decline-button11"
                  onClick={[Function]}
                >
                  Decline
                </button>
              </td>
            </tr>
          </tbody>
        </table>,
        "className": "row",
      },
      "ref": null,
      "rendered": Object {
        "instance": null,
        "key": undefined,
        "nodeType": "host",
        "props": Object {
          "children": Array [
            <thead>
              <tr>
                <th>
                  User
                </th>
                <th>
                  Book Title
                </th>
                <th>
                  Reason
                </th>
                <th>
                  Return Date
                </th>
                <th>
                  Comments
                </th>
                <th>
                  Request Date
                </th>
                <th>
                  Status
                </th>
                <th
                  colSpan="2"
                >
                  Action
                </th>
              </tr>
            </thead>,
            <tbody>
              <tr>
                <td>
                   
                  Amarachi 
                Agbo
                   
                </td>
                <td>
                   
                  I"ll Be Gone in the Dark
                   
                </td>
                <td>
                   
                  Assignment
                   
                </td>
                <td>
                   
                  2018-12-11
                   
                </td>
                <td>
                   
                  Nil
                   
                </td>
                <td>
                   
                  2018-06-25
                   
                </td>
                <td>
                  <span
                    className="orange-text"
                  >
                    ● 
                  </span>
                  Pending
                </td>
                <td>
                   
                  <button
                    className="btn btn-wave waves-effect btn-small primary-button"
                    disabled={false}
                    id="accept-button12"
                    onClick={[Function]}
                  >
                    Accept
                  </button>
                </td>
                <td>
                   
                  <button
                    className="btn btn-wave action-button waves-effect btn-small"
                    disabled={false}
                    id="decline-button12"
                    onClick={[Function]}
                  >
                    Decline
                  </button>
                </td>
              </tr>
              <tr>
                <td>
                   
                  Amarachi 
                Agbo
                   
                </td>
                <td>
                   
                  Born a Crime
                   
                </td>
                <td>
                   
                  Research
                   
                </td>
                <td>
                   
                  2018-12-07
                   
                </td>
                <td>
                   
                  Nil
                   
                </td>
                <td>
                   
                  2018-06-25
                   
                </td>
                <td>
                  <span
                    className="green-text"
                  >
                    ● 
                  </span>
                  Accepted
                </td>
                <td>
                   
                  <button
                    className="btn btn-wave waves-effect btn-small primary-button"
                    disabled={true}
                    id="accept-button11"
                    onClick={[Function]}
                  >
                    Accept
                  </button>
                </td>
                <td>
                   
                  <button
                    className="btn btn-wave action-button waves-effect btn-small"
                    disabled={true}
                    id="decline-button11"
                    onClick={[Function]}
                  >
                    Decline
                  </button>
                </td>
              </tr>
            </tbody>,
          ],
          "className": "striped responsive-table",
        },
        "ref": null,
        "rendered": Array [
          Object {
            "instance": null,
            "key": undefined,
            "nodeType": "host",
            "props": Object {
              "children": <tr>
                <th>
                  User
                </th>
                <th>
                  Book Title
                </th>
                <th>
                  Reason
                </th>
                <th>
                  Return Date
                </th>
                <th>
                  Comments
                </th>
                <th>
                  Request Date
                </th>
                <th>
                  Status
                </th>
                <th
                  colSpan="2"
                >
                  Action
                </th>
              </tr>,
            },
            "ref": null,
            "rendered": Object {
              "instance": null,
              "key": undefined,
              "nodeType": "host",
              "props": Object {
                "children": Array [
                  <th>
                    User
                  </th>,
                  <th>
                    Book Title
                  </th>,
                  <th>
                    Reason
                  </th>,
                  <th>
                    Return Date
                  </th>,
                  <th>
                    Comments
                  </th>,
                  <th>
                    Request Date
                  </th>,
                  <th>
                    Status
                  </th>,
                  <th
                    colSpan="2"
                  >
                    Action
                  </th>,
                ],
              },
              "ref": null,
              "rendered": Array [
                Object {
                  "instance": null,
                  "key": undefined,
                  "nodeType": "host",
                  "props": Object {
                    "children": "User",
                  },
                  "ref": null,
                  "rendered": "User",
                  "type": "th",
                },
                Object {
                  "instance": null,
                  "key": undefined,
                  "nodeType": "host",
                  "props": Object {
                    "children": "Book Title",
                  },
                  "ref": null,
                  "rendered": "Book Title",
                  "type": "th",
                },
                Object {
                  "instance": null,
                  "key": undefined,
                  "nodeType": "host",
                  "props": Object {
                    "children": "Reason",
                  },
                  "ref": null,
                  "rendered": "Reason",
                  "type": "th",
                },
                Object {
                  "instance": null,
                  "key": undefined,
                  "nodeType": "host",
                  "props": Object {
                    "children": "Return Date",
                  },
                  "ref": null,
                  "rendered": "Return Date",
                  "type": "th",
                },
                Object {
                  "instance": null,
                  "key": undefined,
                  "nodeType": "host",
                  "props": Object {
                    "children": "Comments",
                  },
                  "ref": null,
                  "rendered": "Comments",
                  "type": "th",
                },
                Object {
                  "instance": null,
                  "key": undefined,
                  "nodeType": "host",
                  "props": Object {
                    "children": "Request Date",
                  },
                  "ref": null,
                  "rendered": "Request Date",
                  "type": "th",
                },
                Object {
                  "instance": null,
                  "key": undefined,
                  "nodeType": "host",
                  "props": Object {
                    "children": "Status",
                  },
                  "ref": null,
                  "rendered": "Status",
                  "type": "th",
                },
                Object {
                  "instance": null,
                  "key": undefined,
                  "nodeType": "host",
                  "props": Object {
                    "children": "Action",
                    "colSpan": "2",
                  },
                  "ref": null,
                  "rendered": "Action",
                  "type": "th",
                },
              ],
              "type": "tr",
            },
            "type": "thead",
          },
          Object {
            "instance": null,
            "key": undefined,
            "nodeType": "host",
            "props": Object {
              "children": Array [
                <tr>
                  <td>
                     
                    Amarachi 
                Agbo
                     
                  </td>
                  <td>
                     
                    I"ll Be Gone in the Dark
                     
                  </td>
                  <td>
                     
                    Assignment
                     
                  </td>
                  <td>
                     
                    2018-12-11
                     
                  </td>
                  <td>
                     
                    Nil
                     
                  </td>
                  <td>
                     
                    2018-06-25
                     
                  </td>
                  <td>
                    <span
                      className="orange-text"
                    >
                      ● 
                    </span>
                    Pending
                  </td>
                  <td>
                     
                    <button
                      className="btn btn-wave waves-effect btn-small primary-button"
                      disabled={false}
                      id="accept-button12"
                      onClick={[Function]}
                    >
                      Accept
                    </button>
                  </td>
                  <td>
                     
                    <button
                      className="btn btn-wave action-button waves-effect btn-small"
                      disabled={false}
                      id="decline-button12"
                      onClick={[Function]}
                    >
                      Decline
                    </button>
                  </td>
                </tr>,
                <tr>
                  <td>
                     
                    Amarachi 
                Agbo
                     
                  </td>
                  <td>
                     
                    Born a Crime
                     
                  </td>
                  <td>
                     
                    Research
                     
                  </td>
                  <td>
                     
                    2018-12-07
                     
                  </td>
                  <td>
                     
                    Nil
                     
                  </td>
                  <td>
                     
                    2018-06-25
                     
                  </td>
                  <td>
                    <span
                      className="green-text"
                    >
                      ● 
                    </span>
                    Accepted
                  </td>
                  <td>
                     
                    <button
                      className="btn btn-wave waves-effect btn-small primary-button"
                      disabled={true}
                      id="accept-button11"
                      onClick={[Function]}
                    >
                      Accept
                    </button>
                  </td>
                  <td>
                     
                    <button
                      className="btn btn-wave action-button waves-effect btn-small"
                      disabled={true}
                      id="decline-button11"
                      onClick={[Function]}
                    >
                      Decline
                    </button>
                  </td>
                </tr>,
              ],
            },
            "ref": null,
            "rendered": Array [
              Object {
                "instance": null,
                "key": "12",
                "nodeType": "host",
                "props": Object {
                  "children": Array [
                    <td>
                       
                      Amarachi 
                Agbo
                       
                    </td>,
                    <td>
                       
                      I"ll Be Gone in the Dark
                       
                    </td>,
                    <td>
                       
                      Assignment
                       
                    </td>,
                    <td>
                       
                      2018-12-11
                       
                    </td>,
                    <td>
                       
                      Nil
                       
                    </td>,
                    <td>
                       
                      2018-06-25
                       
                    </td>,
                    <td>
                      <span
                        className="orange-text"
                      >
                        ● 
                      </span>
                      Pending
                    </td>,
                    <td>
                       
                      <button
                        className="btn btn-wave waves-effect btn-small primary-button"
                        disabled={false}
                        id="accept-button12"
                        onClick={[Function]}
                      >
                        Accept
                      </button>
                    </td>,
                    <td>
                       
                      <button
                        className="btn btn-wave action-button waves-effect btn-small"
                        disabled={false}
                        id="decline-button12"
                        onClick={[Function]}
                      >
                        Decline
                      </button>
                    </td>,
                  ],
                },
                "ref": null,
                "rendered": Array [
                  Object {
                    "instance": null,
                    "key": undefined,
                    "nodeType": "host",
                    "props": Object {
                      "children": Array [
                        " ",
                        "Amarachi 
                Agbo",
                        " ",
                      ],
                    },
                    "ref": null,
                    "rendered": Array [
                      " ",
                      "Amarachi 
                Agbo",
                      " ",
                    ],
                    "type": "td",
                  },
                  Object {
                    "instance": null,
                    "key": undefined,
                    "nodeType": "host",
                    "props": Object {
                      "children": Array [
                        " ",
                        "I\\"ll Be Gone in the Dark",
                        " ",
                      ],
                    },
                    "ref": null,
                    "rendered": Array [
                      " ",
                      "I\\"ll Be Gone in the Dark",
                      " ",
                    ],
                    "type": "td",
                  },
                  Object {
                    "instance": null,
                    "key": undefined,
                    "nodeType": "host",
                    "props": Object {
                      "children": Array [
                        " ",
                        "Assignment",
                        " ",
                      ],
                    },
                    "ref": null,
                    "rendered": Array [
                      " ",
                      "Assignment",
                      " ",
                    ],
                    "type": "td",
                  },
                  Object {
                    "instance": null,
                    "key": undefined,
                    "nodeType": "host",
                    "props": Object {
                      "children": Array [
                        " ",
                        "2018-12-11",
                        " ",
                      ],
                    },
                    "ref": null,
                    "rendered": Array [
                      " ",
                      "2018-12-11",
                      " ",
                    ],
                    "type": "td",
                  },
                  Object {
                    "instance": null,
                    "key": undefined,
                    "nodeType": "host",
                    "props": Object {
                      "children": Array [
                        " ",
                        "Nil",
                        " ",
                      ],
                    },
                    "ref": null,
                    "rendered": Array [
                      " ",
                      "Nil",
                      " ",
                    ],
                    "type": "td",
                  },
                  Object {
                    "instance": null,
                    "key": undefined,
                    "nodeType": "host",
                    "props": Object {
                      "children": Array [
                        " ",
                        "2018-06-25",
                        " ",
                      ],
                    },
                    "ref": null,
                    "rendered": Array [
                      " ",
                      "2018-06-25",
                      " ",
                    ],
                    "type": "td",
                  },
                  Object {
                    "instance": null,
                    "key": undefined,
                    "nodeType": "host",
                    "props": Object {
                      "children": Array [
                        <span
                          className="orange-text"
                        >
                          ● 
                        </span>,
                        "Pending",
                      ],
                    },
                    "ref": null,
                    "rendered": Array [
                      Object {
                        "instance": null,
                        "key": undefined,
                        "nodeType": "host",
                        "props": Object {
                          "children": "● ",
                          "className": "orange-text",
                        },
                        "ref": null,
                        "rendered": "● ",
                        "type": "span",
                      },
                      "Pending",
                    ],
                    "type": "td",
                  },
                  Object {
                    "instance": null,
                    "key": undefined,
                    "nodeType": "host",
                    "props": Object {
                      "children": Array [
                        " ",
                        <button
                          className="btn btn-wave waves-effect btn-small primary-button"
                          disabled={false}
                          id="accept-button12"
                          onClick={[Function]}
                        >
                          Accept
                        </button>,
                      ],
                    },
                    "ref": null,
                    "rendered": Array [
                      " ",
                      Object {
                        "instance": null,
                        "key": undefined,
                        "nodeType": "host",
                        "props": Object {
                          "children": "Accept",
                          "className": "btn btn-wave waves-effect btn-small primary-button",
                          "disabled": false,
                          "id": "accept-button12",
                          "onClick": [Function],
                        },
                        "ref": null,
                        "rendered": "Accept",
                        "type": "button",
                      },
                    ],
                    "type": "td",
                  },
                  Object {
                    "instance": null,
                    "key": undefined,
                    "nodeType": "host",
                    "props": Object {
                      "children": Array [
                        " ",
                        <button
                          className="btn btn-wave action-button waves-effect btn-small"
                          disabled={false}
                          id="decline-button12"
                          onClick={[Function]}
                        >
                          Decline
                        </button>,
                      ],
                    },
                    "ref": null,
                    "rendered": Array [
                      " ",
                      Object {
                        "instance": null,
                        "key": undefined,
                        "nodeType": "host",
                        "props": Object {
                          "children": "Decline",
                          "className": "btn btn-wave action-button waves-effect btn-small",
                          "disabled": false,
                          "id": "decline-button12",
                          "onClick": [Function],
                        },
                        "ref": null,
                        "rendered": "Decline",
                        "type": "button",
                      },
                    ],
                    "type": "td",
                  },
                ],
                "type": "tr",
              },
              Object {
                "instance": null,
                "key": "11",
                "nodeType": "host",
                "props": Object {
                  "children": Array [
                    <td>
                       
                      Amarachi 
                Agbo
                       
                    </td>,
                    <td>
                       
                      Born a Crime
                       
                    </td>,
                    <td>
                       
                      Research
                       
                    </td>,
                    <td>
                       
                      2018-12-07
                       
                    </td>,
                    <td>
                       
                      Nil
                       
                    </td>,
                    <td>
                       
                      2018-06-25
                       
                    </td>,
                    <td>
                      <span
                        className="green-text"
                      >
                        ● 
                      </span>
                      Accepted
                    </td>,
                    <td>
                       
                      <button
                        className="btn btn-wave waves-effect btn-small primary-button"
                        disabled={true}
                        id="accept-button11"
                        onClick={[Function]}
                      >
                        Accept
                      </button>
                    </td>,
                    <td>
                       
                      <button
                        className="btn btn-wave action-button waves-effect btn-small"
                        disabled={true}
                        id="decline-button11"
                        onClick={[Function]}
                      >
                        Decline
                      </button>
                    </td>,
                  ],
                },
                "ref": null,
                "rendered": Array [
                  Object {
                    "instance": null,
                    "key": undefined,
                    "nodeType": "host",
                    "props": Object {
                      "children": Array [
                        " ",
                        "Amarachi 
                Agbo",
                        " ",
                      ],
                    },
                    "ref": null,
                    "rendered": Array [
                      " ",
                      "Amarachi 
                Agbo",
                      " ",
                    ],
                    "type": "td",
                  },
                  Object {
                    "instance": null,
                    "key": undefined,
                    "nodeType": "host",
                    "props": Object {
                      "children": Array [
                        " ",
                        "Born a Crime",
                        " ",
                      ],
                    },
                    "ref": null,
                    "rendered": Array [
                      " ",
                      "Born a Crime",
                      " ",
                    ],
                    "type": "td",
                  },
                  Object {
                    "instance": null,
                    "key": undefined,
                    "nodeType": "host",
                    "props": Object {
                      "children": Array [
                        " ",
                        "Research",
                        " ",
                      ],
                    },
                    "ref": null,
                    "rendered": Array [
                      " ",
                      "Research",
                      " ",
                    ],
                    "type": "td",
                  },
                  Object {
                    "instance": null,
                    "key": undefined,
                    "nodeType": "host",
                    "props": Object {
                      "children": Array [
                        " ",
                        "2018-12-07",
                        " ",
                      ],
                    },
                    "ref": null,
                    "rendered": Array [
                      " ",
                      "2018-12-07",
                      " ",
                    ],
                    "type": "td",
                  },
                  Object {
                    "instance": null,
                    "key": undefined,
                    "nodeType": "host",
                    "props": Object {
                      "children": Array [
                        " ",
                        "Nil",
                        " ",
                      ],
                    },
                    "ref": null,
                    "rendered": Array [
                      " ",
                      "Nil",
                      " ",
                    ],
                    "type": "td",
                  },
                  Object {
                    "instance": null,
                    "key": undefined,
                    "nodeType": "host",
                    "props": Object {
                      "children": Array [
                        " ",
                        "2018-06-25",
                        " ",
                      ],
                    },
                    "ref": null,
                    "rendered": Array [
                      " ",
                      "2018-06-25",
                      " ",
                    ],
                    "type": "td",
                  },
                  Object {
                    "instance": null,
                    "key": undefined,
                    "nodeType": "host",
                    "props": Object {
                      "children": Array [
                        <span
                          className="green-text"
                        >
                          ● 
                        </span>,
                        "Accepted",
                      ],
                    },
                    "ref": null,
                    "rendered": Array [
                      Object {
                        "instance": null,
                        "key": undefined,
                        "nodeType": "host",
                        "props": Object {
                          "children": "● ",
                          "className": "green-text",
                        },
                        "ref": null,
                        "rendered": "● ",
                        "type": "span",
                      },
                      "Accepted",
                    ],
                    "type": "td",
                  },
                  Object {
                    "instance": null,
                    "key": undefined,
                    "nodeType": "host",
                    "props": Object {
                      "children": Array [
                        " ",
                        <button
                          className="btn btn-wave waves-effect btn-small primary-button"
                          disabled={true}
                          id="accept-button11"
                          onClick={[Function]}
                        >
                          Accept
                        </button>,
                      ],
                    },
                    "ref": null,
                    "rendered": Array [
                      " ",
                      Object {
                        "instance": null,
                        "key": undefined,
                        "nodeType": "host",
                        "props": Object {
                          "children": "Accept",
                          "className": "btn btn-wave waves-effect btn-small primary-button",
                          "disabled": true,
                          "id": "accept-button11",
                          "onClick": [Function],
                        },
                        "ref": null,
                        "rendered": "Accept",
                        "type": "button",
                      },
                    ],
                    "type": "td",
                  },
                  Object {
                    "instance": null,
                    "key": undefined,
                    "nodeType": "host",
                    "props": Object {
                      "children": Array [
                        " ",
                        <button
                          className="btn btn-wave action-button waves-effect btn-small"
                          disabled={true}
                          id="decline-button11"
                          onClick={[Function]}
                        >
                          Decline
                        </button>,
                      ],
                    },
                    "ref": null,
                    "rendered": Array [
                      " ",
                      Object {
                        "instance": null,
                        "key": undefined,
                        "nodeType": "host",
                        "props": Object {
                          "children": "Decline",
                          "className": "btn btn-wave action-button waves-effect btn-small",
                          "disabled": true,
                          "id": "decline-button11",
                          "onClick": [Function],
                        },
                        "ref": null,
                        "rendered": "Decline",
                        "type": "button",
                      },
                    ],
                    "type": "td",
                  },
                ],
                "type": "tr",
              },
            ],
            "type": "tbody",
          },
        ],
        "type": "table",
      },
      "type": "div",
    },
  ],
  Symbol(enzyme.__options__): Object {
    "adapter": ReactSixteenAdapter {
      "options": Object {
        "enableComponentDidUpdateOnSetState": true,
      },
    },
  },
}
`;
